ReplicationController
=====================
# livenessProbe
  - test HTTP GET
  - test TCP socket
  - test Exec


build version of kubia
-------
$ docker build -t edmelkoyev/kubia:latest -t edmelkoyev/kubia:v1 .
$ docker push edmelkoyev/kubia:v1
$ docker push edmelkoyev/kubia:latest

build version of kubia-unhealthy
-------
$ docker build -t edmelkoyev/kubia-unhealthy:latest -t edmelkoyev/kubia-unhealthy:v1 .

$ docker run -p 8080:8080 edmelkoyev/kubia-unhealthy:v1

$ docker push edmelkoyev/kubia-unhealthy:v1
$ docker push edmelkoyev/kubia-unhealthy:latest

RUN POD MANUALLY
----------------
$ kubectl create -f ./kubia-leveness-probe.yaml

MANUAL PORT MAPPING
-----------------
$ kubectl port-forward kubia-liveness 8888:8080

MANUAL check state
----------------
$ kubectl get pods
$ kubectl logs kubia-liveness -c kubia
-----------

DELETE ALL
===============
$ kubectl delete all --all


$ kubectl describe po kubia-liveness
...
    Last State:     Terminated
      Reason:       Error
      Exit Code:    137
      Started:      Sun, 01 Dec 2019 22:23:23 +0300
      Finished:     Sun, 01 Dec 2019 22:24:39 +0300
    Ready:          True
    Restart Count:  2
    Liveness:       http-get http://:8080/ delay=0s timeout=1s period=10s #success=1 #failure=3
...
# 137 = 128 + 9  ( 9 - SIGKILL )
# 143 = 128 + 15 ( 15 -SIGTERM )


ReplicationController
=======================
$ kubectl create -f kubia-rc.yaml
  replicationcontroller/kubia-rc created

$ kubectl get po
$ kubectl get rc

$ kubectl describe rc kubia-rc

$ kubectl get po --show-labels
    NAME             READY   STATUS    RESTARTS   AGE   LABELS
    kubia-rc-k5vzv   1/1     Running   0          18m   app=kubia
    kubia-rc-lqh2s   1/1     Running   0          18m   app=kubia
    kubia-rc-spr7r   1/1     Running   0          16m   app=kubia

RENAME app label value for pod removes it from rc observeation
-------------------------------------------------------
$ kubectl label pod kubia-rc-lqh2s type=special
$ kubectl label pod kubia-rc-lqh2s app=foo --overwrite
$ kubectl get pods -L app
    NAME             READY   STATUS    RESTARTS   AGE   APP
    kubia-rc-8hzql   1/1     Running   0          56s   kubia
    kubia-rc-k5vzv   1/1     Running   0          21m   kubia
    kubia-rc-lqh2s   1/1     Running   0          21m   foo
    kubia-rc-spr7r   1/1     Running   0          19m   kubia

$ kubectl delete kubia-rc-lqh2s


RC label change also reloves pods out of visibility
------------------------------
$ kubectl get rc --show-labels
    NAME       DESIRED   CURRENT   READY   AGE   LABELS
    kubia-rc   3         3         3       32m   app=kubia

kubectl label rc kubia-rc app=foo --overwrite

RC template update
--------------------
$ kubectl edit rc kubia-rc
... open editor

SCALE
------------
$ kubectl scale rc kubia-rc --replicas=10




DELETE ALL
=======